../Core/Inc/foc_math.h:22:21:wrapTo2Pi	16	static
../Core/Src/motor_controller.c:28:6:MotorController_init	48	static
../Core/Src/motor_controller.c:103:11:MotorController_getError	16	static
../Core/Src/motor_controller.c:107:6:MotorController_getMode	16	static
../Core/Src/motor_controller.c:111:6:MotorController_setMode	16	static
../Core/Src/motor_controller.c:152:6:MotorController_setFluxAngle	48	static
../Core/Src/motor_controller.c:163:6:MotorController_loadConfig	24	static
../Core/Src/motor_controller.c:196:10:MotorController_storeConfig	160	static
../Core/Src/motor_controller.c:262:7:MotorController_getTorque	16	static
../Core/Src/motor_controller.c:266:7:MotorController_getVelocity	16	static
../Core/Src/motor_controller.c:270:7:MotorController_getPosition	16	static
../Core/Src/motor_controller.c:274:6:MotorController_updateCommutation	32	static
../Core/Src/motor_controller.c:298:6:MotorController_triggerPositionUpdate	16	static
../Core/Src/motor_controller.c:321:6:MotorController_updatePositionReading	16	static
../Core/Src/motor_controller.c:331:6:MotorController_updatePositionController	16	static
../Core/Src/motor_controller.c:340:6:MotorController_updateService	16	static
../Core/Src/motor_controller.c:347:6:MotorController_runCalibrationSequence	200	static
../Core/Src/motor_controller.c:447:6:MotorController_handleCANMessage	80	static
