../Core/Inc/foc_math.h:22:21:wrapTo2Pi	16	static
../Core/Src/motor_controller.c:28:6:MotorController_init	48	static
../Core/Src/motor_controller.c:101:11:MotorController_getError	16	static
../Core/Src/motor_controller.c:105:6:MotorController_getMode	16	static
../Core/Src/motor_controller.c:109:6:MotorController_setMode	16	static
../Core/Src/motor_controller.c:150:6:MotorController_setFluxAngle	48	static
../Core/Src/motor_controller.c:161:6:MotorController_loadConfig	24	static
../Core/Src/motor_controller.c:194:10:MotorController_storeConfig	160	static
../Core/Src/motor_controller.c:260:7:MotorController_getTorque	16	static
../Core/Src/motor_controller.c:264:7:MotorController_getVelocity	16	static
../Core/Src/motor_controller.c:268:7:MotorController_getPosition	16	static
../Core/Src/motor_controller.c:272:6:MotorController_updateCommutation	32	static
../Core/Src/motor_controller.c:296:6:MotorController_triggerPositionUpdate	16	static
../Core/Src/motor_controller.c:319:6:MotorController_updatePositionReading	24	static
../Core/Src/motor_controller.c:329:6:MotorController_updatePositionController	16	static
../Core/Src/motor_controller.c:338:6:MotorController_updateService	16	static
../Core/Src/motor_controller.c:345:6:MotorController_runCalibrationSequence	200	static
../Core/Src/motor_controller.c:451:6:MotorController_handleCANMessage	48	static
